[oshinewptheme.com/v22/index.html]
[backblue.gif]
[fade.gif]
[index.html]
[oshinewptheme.com/cdn-cgi/apps/head/ZcKBGpuGsKB_Drv7wiWR2A52BcE.js]
[oshinewptheme.com/v22/feed/index.html]
[oshinewptheme.com/v22/comments/feed/index.html]
[21g6p436jemo16mo9n1a25yq-wpengine.netdna-ssl.com/v22/wp-includes/css/dist/block-library/style.mincd2e.css]
[21g6p436jemo16mo9n1a25yq-wpengine.netdna-ssl.com/v22/wp-content/plugins/oshine-modules/public/css/oshine-modules.mincf1b.css]
[21g6p436jemo16mo9n1a25yq-wpengine.netdna-ssl.com/v22/wp-content/plugins/revslider/public/assets/css/rs66fb3.css]
[21g6p436jemo16mo9n1a25yq-wpengine.netdna-ssl.com/v22/wp-content/plugins/tatsu/public/css/tatsu.min477e.css]
[21g6p436jemo16mo9n1a25yq-wpengine.netdna-ssl.com/v22/wp-content/themes/oshin/fonts/icomoon/style.minb34e.css]
[21g6p436jemo16mo9n1a25yq-wpengine.netdna-ssl.com/v22/wp-content/plugins/tatsu/includes/icons/font_awesome/font-awesomecd2e.css]
[21g6p436jemo16mo9n1a25yq-wpengine.netdna-ssl.com/v22/wp-content/plugins/tatsu/includes/icons/tatsu_icons/tatsu-iconscd2e.css]
[21g6p436jemo16mo9n1a25yq-wpengine.netdna-ssl.com/v22/wp-content/themes/oshin/bb-press/bb-presscd2e.css]
[21g6p436jemo16mo9n1a25yq-wpengine.netdna-ssl.com/v22/wp-content/themes/oshin/css/main.minb34e.css]
[21g6p436jemo16mo9n1a25yq-wpengine.netdna-ssl.com/v22/wp-content/themes/oshin/css/headers/top-header.minb34e.css]
[21g6p436jemo16mo9n1a25yq-wpengine.netdna-ssl.com/v22/wp-content/themes/oshin/css/headers/responsive-header.minb34e.css]
[21g6p436jemo16mo9n1a25yq-wpengine.netdna-ssl.com/v22/wp-content/themes/oshin/css/headers/multilevel-menu.minb34e.css]
[21g6p436jemo16mo9n1a25yq-wpengine.netdna-ssl.com/v22/wp-content/themes/oshin/css/layout.minb34e.css]
[21g6p436jemo16mo9n1a25yq-wpengine.netdna-ssl.com/v22/wp-content/themes/oshin/css/vendor/vendor.minb34e.css]
[21g6p436jemo16mo9n1a25yq-wpengine.netdna-ssl.com/v22/wp-content/themes/oshin/fonts/fonts.minb34e.css]
[21g6p436jemo16mo9n1a25yq-wpengine.netdna-ssl.com/v22/wp-content/themes/oshin/styleb34e.css]
[21g6p436jemo16mo9n1a25yq-wpengine.netdna-ssl.com/v22/wp-content/plugins/masterslider/public/assets/css/masterslider.main6b10.css]
[21g6p436jemo16mo9n1a25yq-wpengine.netdna-ssl.com/v22/wp-content/uploads/sites/26/masterslider/custom62ea.css]
[21g6p436jemo16mo9n1a25yq-wpengine.netdna-ssl.com/v22/wp-includes/js/jquery/jquery4a5f.js]
[21g6p436jemo16mo9n1a25yq-wpengine.netdna-ssl.com/v22/wp-includes/js/jquery/jquery-migrate.min330a.js]
[21g6p436jemo16mo9n1a25yq-wpengine.netdna-ssl.com/v22/wp-content/plugins/revslider/public/assets/js/revolution.tools.minf049.js]
[21g6p436jemo16mo9n1a25yq-wpengine.netdna-ssl.com/v22/wp-content/plugins/revslider/public/assets/js/rs6.min6fb3.js]
[21g6p436jemo16mo9n1a25yq-wpengine.netdna-ssl.com/v22/wp-content/plugins/tatsu/includes/typehub/public/js/webfont.mincd2e.js]
[21g6p436jemo16mo9n1a25yq-wpengine.netdna-ssl.com/v22/wp-content/themes/oshin/js/vendor/modernizr.mincd2e.js]
[oshinewptheme.com/v22/xmlrpc0db0.php]
[oshinewptheme.com/v22/wp-json/index.html]
[oshinewptheme.com/v22/wp-json/oembed/1.0/embed6e6a.json]
[oshinewptheme.com/v22/wp-json/oembed/1.0/embed3f6c]
[21g6p436jemo16mo9n1a25yq-wpengine.netdna-ssl.com/v22/wp-content/uploads/sites/26/2016/04/oshine-v22-logo.png]
[oshinewptheme.com/v22/about/index.html]
[oshinewptheme.com/v22/portfolio/index.html]
[oshinewptheme.com/v22/portfolio/nature/index.html]
[oshinewptheme.com/v22/portfolio/people/index.html]
[oshinewptheme.com/v22/portfolio/places/index.html]
[oshinewptheme.com/v22/portfolio/wedding/index.html]
[oshinewptheme.com/v22/portfolio/wildlife/index.html]
[oshinewptheme.com/v22/portfolio/maternity/index.html]
[oshinewptheme.com/v22/contact/index.html]
[21g6p436jemo16mo9n1a25yq-wpengine.netdna-ssl.com/v22/wp-includes/js/comment-reply.mincd2e.js]
[21g6p436jemo16mo9n1a25yq-wpengine.netdna-ssl.com/v22/wp-content/plugins/oshine-modules/public/js/vendor/asyncloader.min5152.js]
[21g6p436jemo16mo9n1a25yq-wpengine.netdna-ssl.com/v22/wp-includes/js/jquery/ui/core.mine899.js]
[21g6p436jemo16mo9n1a25yq-wpengine.netdna-ssl.com/v22/wp-includes/js/jquery/ui/widget.mine899.js]
[21g6p436jemo16mo9n1a25yq-wpengine.netdna-ssl.com/v22/wp-includes/js/jquery/ui/accordion.mine899.js]
[21g6p436jemo16mo9n1a25yq-wpengine.netdna-ssl.com/v22/wp-includes/js/jquery/ui/tabs.mine899.js]
[21g6p436jemo16mo9n1a25yq-wpengine.netdna-ssl.com/v22/wp-content/plugins/oshine-modules/public/js/oshine-modules.mincf1b.js]
[21g6p436jemo16mo9n1a25yq-wpengine.netdna-ssl.com/v22/wp-content/plugins/tatsu/public/js/vendor/es6-promise.auto.mincd2e.js]
[21g6p436jemo16mo9n1a25yq-wpengine.netdna-ssl.com/v22/wp-content/plugins/tatsu/public/js/helpers.min477e.js]
[21g6p436jemo16mo9n1a25yq-wpengine.netdna-ssl.com/v22/wp-content/plugins/tatsu/public/js/vendor/debouncedresize.min477e.js]
[21g6p436jemo16mo9n1a25yq-wpengine.netdna-ssl.com/v22/wp-content/plugins/tatsu/public/js/tatsu.min477e.js]
[21g6p436jemo16mo9n1a25yq-wpengine.netdna-ssl.com/v22/wp-content/themes/oshin/js/vendor/perfect-scrollbar.jquery.mincd2e.js]
[21g6p436jemo16mo9n1a25yq-wpengine.netdna-ssl.com/v22/wp-content/themes/oshin/js/script.minb34e.js]
[oshinewptheme.com/v22/index.html]
[21g6p436jemo16mo9n1a25yq-wpengine.netdna-ssl.com/v22/wp-includes/css/dist/block-library/style.mincd2e.css]
[21g6p436jemo16mo9n1a25yq-wpengine.netdna-ssl.com/v22/wp-includes/js/wp-embed.mincd2e.js]
[21g6p436jemo16mo9n1a25yq-wpengine.netdna-ssl.com/v22/wp-content/plugins/oshine-modules/public/css/owl.video.play.png]
[21g6p436jemo16mo9n1a25yq-wpengine.netdna-ssl.com/v22/wp-content/plugins/oshine-modules/public/img/plus_icon.png]
[21g6p436jemo16mo9n1a25yq-wpengine.netdna-ssl.com/v22/wp-content/plugins/oshine-modules/public/img/dots.png]
[21g6p436jemo16mo9n1a25yq-wpengine.netdna-ssl.com/v22/wp-content/plugins/oshine-modules/public/img/default-skin.png]
[21g6p436jemo16mo9n1a25yq-wpengine.netdna-ssl.com/v22/wp-content/plugins/oshine-modules/public/css/preloader.gif]
[21g6p436jemo16mo9n1a25yq-wpengine.netdna-ssl.com/v22/wp-content/plugins/oshine-modules/public/css/oshine-modules.mincf1b.css]
[21g6p436jemo16mo9n1a25yq-wpengine.netdna-ssl.com/v22/wp-content/plugins/revslider/public/assets/assets/gridtile.png]
[21g6p436jemo16mo9n1a25yq-wpengine.netdna-ssl.com/v22/wp-content/plugins/revslider/public/assets/assets/gridtile_white.png]
[21g6p436jemo16mo9n1a25yq-wpengine.netdna-ssl.com/v22/wp-content/plugins/revslider/public/assets/assets/gridtile_3x3.png]
[21g6p436jemo16mo9n1a25yq-wpengine.netdna-ssl.com/v22/wp-content/plugins/revslider/public/assets/assets/gridtile_3x3_white.png]
[21g6p436jemo16mo9n1a25yq-wpengine.netdna-ssl.com/v22/wp-content/plugins/revslider/public/assets/assets/coloredbg.png]
[21g6p436jemo16mo9n1a25yq-wpengine.netdna-ssl.com/v22/wp-content/plugins/revslider/public/assets/assets/loader.gif]
[21g6p436jemo16mo9n1a25yq-wpengine.netdna-ssl.com/v22/wp-content/plugins/revslider/public/assets/css/rs66fb3.css]
[21g6p436jemo16mo9n1a25yq-wpengine.netdna-ssl.com/v22/wp-content/plugins/tatsu/includes/typehub/public/css/typehub-public1717.css]
[21g6p436jemo16mo9n1a25yq-wpengine.netdna-ssl.com/v22/wp-content/plugins/tatsu/public/css/tatsu.min477e.css]
[21g6p436jemo16mo9n1a25yq-wpengine.netdna-ssl.com/v22/wp-content/themes/oshin/fonts/icomoon/fonts/icomoon7e7b.eot]
[21g6p436jemo16mo9n1a25yq-wpengine.netdna-ssl.com/v22/wp-content/themes/oshin/fonts/icomoon/fonts/icomoon7e7b.woff]
[21g6p436jemo16mo9n1a25yq-wpengine.netdna-ssl.com/v22/wp-content/themes/oshin/fonts/icomoon/fonts/icomoon7e7b.ttf]
[21g6p436jemo16mo9n1a25yq-wpengine.netdna-ssl.com/v22/wp-content/themes/oshin/fonts/icomoon/style.minb34e.css]
[21g6p436jemo16mo9n1a25yq-wpengine.netdna-ssl.com/v22/wp-content/themes/oshin/fonts/icomoon/fonts/icomoon7e7b.svg]
[21g6p436jemo16mo9n1a25yq-wpengine.netdna-ssl.com/v22/wp-content/plugins/tatsu/includes/icons/font_awesome/fonts/fontawesome-webfont3e6e.eot]
[21g6p436jemo16mo9n1a25yq-wpengine.netdna-ssl.com/v22/wp-content/plugins/tatsu/includes/icons/font_awesome/fonts/fontawesome-webfontd41d.eot]
[21g6p436jemo16mo9n1a25yq-wpengine.netdna-ssl.com/v22/wp-content/plugins/tatsu/includes/icons/font_awesome/fonts/fontawesome-webfont3e6e.woff2]
[21g6p436jemo16mo9n1a25yq-wpengine.netdna-ssl.com/v22/wp-content/plugins/tatsu/includes/icons/font_awesome/fonts/fontawesome-webfont3e6e.woff]
[21g6p436jemo16mo9n1a25yq-wpengine.netdna-ssl.com/v22/wp-content/plugins/tatsu/includes/icons/font_awesome/fonts/fontawesome-webfont3e6e.ttf]
[21g6p436jemo16mo9n1a25yq-wpengine.netdna-ssl.com/v22/wp-content/plugins/tatsu/includes/icons/font_awesome/font-awesomecd2e.css]
[21g6p436jemo16mo9n1a25yq-wpengine.netdna-ssl.com/v22/wp-content/plugins/tatsu/includes/icons/font_awesome/fonts/fontawesome-webfont3e6e.svg]
[21g6p436jemo16mo9n1a25yq-wpengine.netdna-ssl.com/v22/wp-content/plugins/tatsu/includes/icons/tatsu_icons/fonts/tatsu-icons7ab3.woff2]
[21g6p436jemo16mo9n1a25yq-wpengine.netdna-ssl.com/v22/wp-content/plugins/tatsu/includes/icons/tatsu_icons/fonts/tatsu-icons7ab3.ttf]
[21g6p436jemo16mo9n1a25yq-wpengine.netdna-ssl.com/v22/wp-content/plugins/tatsu/includes/icons/tatsu_icons/fonts/tatsu-icons7ab3.woff]
[21g6p436jemo16mo9n1a25yq-wpengine.netdna-ssl.com/v22/wp-content/plugins/tatsu/includes/icons/tatsu_icons/tatsu-iconscd2e.css]
[21g6p436jemo16mo9n1a25yq-wpengine.netdna-ssl.com/v22/wp-content/themes/oshin/bb-press/bb-presscd2e.css]
[21g6p436jemo16mo9n1a25yq-wpengine.netdna-ssl.com/v22/wp-content/themes/oshin/css/main.minb34e.css]
[21g6p436jemo16mo9n1a25yq-wpengine.netdna-ssl.com/v22/wp-content/themes/oshin/css/headers/top-header.minb34e.css]
[21g6p436jemo16mo9n1a25yq-wpengine.netdna-ssl.com/v22/wp-content/themes/oshin/css/headers/responsive-header.minb34e.css]
[21g6p436jemo16mo9n1a25yq-wpengine.netdna-ssl.com/v22/wp-content/themes/oshin/css/headers/multilevel-menu.minb34e.css]
[21g6p436jemo16mo9n1a25yq-wpengine.netdna-ssl.com/v22/wp-content/themes/oshin/css/layout.minb34e.css]
[21g6p436jemo16mo9n1a25yq-wpengine.netdna-ssl.com/v22/wp-content/plugins/tatsu/includes/icons/tatsu_icons/fonts/tatsu-icons7ab3.svg]
[21g6p436jemo16mo9n1a25yq-wpengine.netdna-ssl.com/v22/wp-content/themes/oshin/css/img/dots.png]
[21g6p436jemo16mo9n1a25yq-wpengine.netdna-ssl.com/v22/wp-content/themes/oshin/css/vendor/vendor.minb34e.css]
[oshinewptheme.com/v22/wp-content/themes/oshin/fonts/custom-fonts/hanskendrick-heavy-webfont.4f.delayed]
[21g6p436jemo16mo9n1a25yq-wpengine.netdna-ssl.com/v22/wp-content/themes/oshin/fonts/custom-fonts/hanskendrick-heavy-webfontd41d.eot]
[21g6p436jemo16mo9n1a25yq-wpengine.netdna-ssl.com/v22/wp-content/themes/oshin/fonts/custom-fonts/hanskendrick-heavy-webfont.ttf]
[21g6p436jemo16mo9n1a25yq-wpengine.netdna-ssl.com/v22/wp-content/themes/oshin/fonts/custom-fonts/hanskendrick-heavy-webfont.svg]
[oshinewptheme.com/v22/wp-content/themes/oshin/fonts/custom-fonts/hanskendrick-light-webfont.oft]
[21g6p436jemo16mo9n1a25yq-wpengine.netdna-ssl.com/v22/wp-content/themes/oshin/fonts/custom-fonts/hanskendrick-light-webfontd41d.eot]
[21g6p436jemo16mo9n1a25yq-wpengine.netdna-ssl.com/v22/wp-content/themes/oshin/fonts/custom-fonts/hanskendrick-light-webfont.woff]
[21g6p436jemo16mo9n1a25yq-wpengine.netdna-ssl.com/v22/wp-content/themes/oshin/fonts/custom-fonts/hanskendrick-light-webfont.ttf]
[21g6p436jemo16mo9n1a25yq-wpengine.netdna-ssl.com/v22/wp-content/themes/oshin/fonts/custom-fonts/hanskendrick-light-webfont.svg]
[oshinewptheme.com/v22/wp-content/themes/oshin/fonts/custom-fonts/hanskendrick-medium-webfont.oft]
[21g6p436jemo16mo9n1a25yq-wpengine.netdna-ssl.com/v22/wp-content/themes/oshin/fonts/custom-fonts/hanskendrick-medium-webfontd41d.eot]
[21g6p436jemo16mo9n1a25yq-wpengine.netdna-ssl.com/v22/wp-content/themes/oshin/fonts/custom-fonts/hanskendrick-medium-webfont.woff]
[21g6p436jemo16mo9n1a25yq-wpengine.netdna-ssl.com/v22/wp-content/themes/oshin/fonts/custom-fonts/hanskendrick-medium-webfont.ttf]
[21g6p436jemo16mo9n1a25yq-wpengine.netdna-ssl.com/v22/wp-content/themes/oshin/fonts/custom-fonts/hanskendrick-medium-webfont.svg]
[oshinewptheme.com/v22/wp-content/themes/oshin/fonts/custom-fonts/hanskendrick-regular-webfont.oft]
[21g6p436jemo16mo9n1a25yq-wpengine.netdna-ssl.com/v22/wp-content/themes/oshin/fonts/custom-fonts/hanskendrick-regular-webfontd41d.eot]
[21g6p436jemo16mo9n1a25yq-wpengine.netdna-ssl.com/v22/wp-content/themes/oshin/fonts/custom-fonts/hanskendrick-regular-webfont.woff]
[21g6p436jemo16mo9n1a25yq-wpengine.netdna-ssl.com/v22/wp-content/themes/oshin/fonts/custom-fonts/hanskendrick-regular-webfont.ttf]
[21g6p436jemo16mo9n1a25yq-wpengine.netdna-ssl.com/v22/wp-content/themes/oshin/fonts/fonts.minb34e.css]
[21g6p436jemo16mo9n1a25yq-wpengine.netdna-ssl.com/v22/wp-content/themes/oshin/styleb34e.css]
[21g6p436jemo16mo9n1a25yq-wpengine.netdna-ssl.com/v22/wp-content/themes/oshin/fonts/custom-fonts/hanskendrick-regular-webfont.svg]
[21g6p436jemo16mo9n1a25yq-wpengine.netdna-ssl.com/v22/wp-content/plugins/masterslider/public/assets/css/common/loading-2.gif]
[21g6p436jemo16mo9n1a25yq-wpengine.netdna-ssl.com/v22/wp-content/plugins/masterslider/public/assets/css/common/grab.png]
[21g6p436jemo16mo9n1a25yq-wpengine.netdna-ssl.com/v22/wp-content/plugins/masterslider/public/assets/css/common/grabbing.png]
[21g6p436jemo16mo9n1a25yq-wpengine.netdna-ssl.com/v22/wp-content/plugins/masterslider/public/assets/css/common/video-close-btn.png]
[21g6p436jemo16mo9n1a25yq-wpengine.netdna-ssl.com/v22/wp-content/plugins/masterslider/public/assets/css/skins/light-skin-1.png]
[21g6p436jemo16mo9n1a25yq-wpengine.netdna-ssl.com/v22/wp-content/plugins/masterslider/public/assets/css/skins/light-skin-1-retina.png]
[21g6p436jemo16mo9n1a25yq-wpengine.netdna-ssl.com/v22/wp-content/plugins/masterslider/public/assets/css/skins/black-skin-1.png]
[21g6p436jemo16mo9n1a25yq-wpengine.netdna-ssl.com/v22/wp-content/plugins/masterslider/public/assets/css/skins/black-skin-1-retina.png]
[21g6p436jemo16mo9n1a25yq-wpengine.netdna-ssl.com/v22/wp-content/plugins/masterslider/public/assets/css/skins/black-skin-2.png]
[21g6p436jemo16mo9n1a25yq-wpengine.netdna-ssl.com/v22/wp-content/plugins/masterslider/public/assets/css/skins/black-skin-2-retina.png]
[21g6p436jemo16mo9n1a25yq-wpengine.netdna-ssl.com/v22/wp-content/plugins/masterslider/public/assets/css/skins/light-skin-2.png]
[21g6p436jemo16mo9n1a25yq-wpengine.netdna-ssl.com/v22/wp-content/plugins/masterslider/public/assets/css/skins/light-skin-2-retina.png]
[21g6p436jemo16mo9n1a25yq-wpengine.netdna-ssl.com/v22/wp-content/plugins/masterslider/public/assets/css/skins/light-skin-3.png]
[21g6p436jemo16mo9n1a25yq-wpengine.netdna-ssl.com/v22/wp-content/plugins/masterslider/public/assets/css/skins/light-skin-3-retina.png]
[21g6p436jemo16mo9n1a25yq-wpengine.netdna-ssl.com/v22/wp-content/plugins/masterslider/public/assets/css/skins/light-skin-4.png]
[21g6p436jemo16mo9n1a25yq-wpengine.netdna-ssl.com/v22/wp-content/plugins/masterslider/public/assets/css/skins/light-skin-4-retina.png]
[21g6p436jemo16mo9n1a25yq-wpengine.netdna-ssl.com/v22/wp-content/plugins/masterslider/public/assets/css/skins/light-skin-5.png]
[21g6p436jemo16mo9n1a25yq-wpengine.netdna-ssl.com/v22/wp-content/plugins/masterslider/public/assets/css/skins/light-skin-5-retina.png]
[21g6p436jemo16mo9n1a25yq-wpengine.netdna-ssl.com/v22/wp-content/plugins/masterslider/public/assets/css/skins/light-skin-6.png]
[21g6p436jemo16mo9n1a25yq-wpengine.netdna-ssl.com/v22/wp-content/plugins/masterslider/public/assets/css/skins/light-skin-6-retina.png]
[21g6p436jemo16mo9n1a25yq-wpengine.netdna-ssl.com/v22/wp-content/plugins/masterslider/public/assets/css/skins/metro-skin.png]
[21g6p436jemo16mo9n1a25yq-wpengine.netdna-ssl.com/v22/wp-content/plugins/masterslider/public/assets/css/skins/metro-skin-retina.png]
[21g6p436jemo16mo9n1a25yq-wpengine.netdna-ssl.com/v22/wp-content/plugins/masterslider/public/assets/css/skins/minimal.svg]
[21g6p436jemo16mo9n1a25yq-wpengine.netdna-ssl.com/v22/wp-content/plugins/masterslider/public/assets/css/skins/contrast-skin-retina.png]
[21g6p436jemo16mo9n1a25yq-wpengine.netdna-ssl.com/v22/wp-content/plugins/masterslider/public/assets/css/templates/device-skin.png]
[21g6p436jemo16mo9n1a25yq-wpengine.netdna-ssl.com/v22/wp-content/plugins/masterslider/public/assets/css/templates/gallery-btns.png]
[21g6p436jemo16mo9n1a25yq-wpengine.netdna-ssl.com/v22/wp-content/plugins/masterslider/public/assets/css/templates/staff-arrows.png]
[21g6p436jemo16mo9n1a25yq-wpengine.netdna-ssl.com/v22/wp-content/plugins/masterslider/public/assets/css/templates/vertical-arrows.png]
[21g6p436jemo16mo9n1a25yq-wpengine.netdna-ssl.com/v22/wp-content/plugins/masterslider/public/assets/css/masterslider.main6b10.css]
[21g6p436jemo16mo9n1a25yq-wpengine.netdna-ssl.com/v22/wp-content/uploads/sites/26/masterslider/custom62ea.css]
[oshinewptheme.com/v22/wp-json/oembed/1.0/embed0844.json]
[oshinewptheme.com/v22/wp-json/oembed/1.0/embed8dd8]
[21g6p436jemo16mo9n1a25yq-wpengine.netdna-ssl.com/v22/wp-content/uploads/sites/26/2015/12/oshin-portrait-0009.jpg]
[21g6p436jemo16mo9n1a25yq-wpengine.netdna-ssl.com/v22/wp-content/uploads/sites/26/revslider/v22/dts-wild-005.jpg]
[oshinewptheme.com/v22/about/index.html]
[oshinewptheme.com/v22/wp-json/oembed/1.0/embedddfb.json]
[oshinewptheme.com/v22/wp-json/oembed/1.0/embedf98c]
[21g6p436jemo16mo9n1a25yq-wpengine.netdna-ssl.com/v22/wp-content/uploads/sites/26/2015/11/dts-wild-015-33x50.jpg]
[21g6p436jemo16mo9n1a25yq-wpengine.netdna-ssl.com/v22/wp-content/uploads/sites/26/2015/11/oshine-v22-people-33x50.jpg]
[21g6p436jemo16mo9n1a25yq-wpengine.netdna-ssl.com/v22/wp-content/uploads/sites/26/2015/11/oshine-city-00-33x50.jpg]
[21g6p436jemo16mo9n1a25yq-wpengine.netdna-ssl.com/v22/wp-content/uploads/sites/26/2015/11/wedding_02-33x50.jpg]
[21g6p436jemo16mo9n1a25yq-wpengine.netdna-ssl.com/v22/wp-content/uploads/sites/26/2015/11/oshine-wildlife-00-33x50.jpg]
[21g6p436jemo16mo9n1a25yq-wpengine.netdna-ssl.com/v22/wp-content/uploads/sites/26/2015/11/oshine-maternity-05-33x50.jpg]
[oshinewptheme.com/v22/portfolio/index.html]
[oshinewptheme.com/v22/wp-json/oembed/1.0/embed8b80.json]
[oshinewptheme.com/v22/wp-json/oembed/1.0/embede526]
[21g6p436jemo16mo9n1a25yq-wpengine.netdna-ssl.com/v22/wp-content/uploads/sites/26/2015/11/dts-wild-005-75x50.jpg]
[21g6p436jemo16mo9n1a25yq-wpengine.netdna-ssl.com/v22/wp-content/uploads/sites/26/2015/11/dts-wild-004-75x50.jpg]
[oshinewptheme.com/v22/portfolio/nature/index.html]
[oshinewptheme.com/v22/wp-json/oembed/1.0/embed7d89.json]
[oshinewptheme.com/v22/wp-json/oembed/1.0/embed4f54]
[21g6p436jemo16mo9n1a25yq-wpengine.netdna-ssl.com/v22/wp-content/uploads/sites/26/revslider/v22/oshine-v22-0011-75x50.jpg]
[21g6p436jemo16mo9n1a25yq-wpengine.netdna-ssl.com/v22/wp-content/uploads/sites/26/2015/11/un-fashion-09-77x50.jpg]
[21g6p436jemo16mo9n1a25yq-wpengine.netdna-ssl.com/v22/wp-content/uploads/sites/26/2015/11/un-fashion-10-75x50.jpg]
[21g6p436jemo16mo9n1a25yq-wpengine.netdna-ssl.com/v22/wp-content/uploads/sites/26/2015/11/un-fashion-11-75x50.jpg]
[21g6p436jemo16mo9n1a25yq-wpengine.netdna-ssl.com/v22/wp-content/uploads/sites/26/2015/11/un-fashion-13-75x50.jpg]
[21g6p436jemo16mo9n1a25yq-wpengine.netdna-ssl.com/v22/wp-content/uploads/sites/26/2015/11/un-fashion-19-75x50.jpg]
[21g6p436jemo16mo9n1a25yq-wpengine.netdna-ssl.com/v22/wp-content/uploads/sites/26/2015/11/un-fashion-21-75x50.jpg]
[21g6p436jemo16mo9n1a25yq-wpengine.netdna-ssl.com/v22/wp-content/uploads/sites/26/2015/11/un-fashion-22-75x50.jpg]
[21g6p436jemo16mo9n1a25yq-wpengine.netdna-ssl.com/v22/wp-content/uploads/sites/26/2015/11/oshine-v21-2-33x50.jpg]
[21g6p436jemo16mo9n1a25yq-wpengine.netdna-ssl.com/v22/wp-content/uploads/sites/26/2015/11/un-fashion-26-75x50.jpg]
[oshinewptheme.com/v22/portfolio/people/index.html]
[oshinewptheme.com/v22/wp-json/oembed/1.0/embed058d.json]
[oshinewptheme.com/v22/wp-json/oembed/1.0/embedb0a7]
[21g6p436jemo16mo9n1a25yq-wpengine.netdna-ssl.com/v22/wp-content/uploads/sites/26/2015/11/un-places-04-67x50.jpg]
[21g6p436jemo16mo9n1a25yq-wpengine.netdna-ssl.com/v22/wp-content/uploads/sites/26/2015/11/un-places-01-75x50.jpg]
[21g6p436jemo16mo9n1a25yq-wpengine.netdna-ssl.com/v22/wp-content/uploads/sites/26/2015/11/un-places-02-75x50.jpg]
[21g6p436jemo16mo9n1a25yq-wpengine.netdna-ssl.com/v22/wp-content/uploads/sites/26/2015/11/un-places-05-33x50.jpg]
[21g6p436jemo16mo9n1a25yq-wpengine.netdna-ssl.com/v22/wp-content/uploads/sites/26/2015/11/un-places-03-75x50.jpg]
[21g6p436jemo16mo9n1a25yq-wpengine.netdna-ssl.com/v22/wp-content/uploads/sites/26/2015/11/un-places-06-89x50.jpg]
[21g6p436jemo16mo9n1a25yq-wpengine.netdna-ssl.com/v22/wp-content/uploads/sites/26/2015/11/un-places-00-67x50.jpg]
[21g6p436jemo16mo9n1a25yq-wpengine.netdna-ssl.com/v22/wp-content/uploads/sites/26/2015/11/un-places-07-75x50.jpg]
[oshinewptheme.com/v22/portfolio/places/index.html]
[oshinewptheme.com/v22/wp-json/oembed/1.0/embed4167.json]
[oshinewptheme.com/v22/wp-json/oembed/1.0/embedffc4]
[21g6p436jemo16mo9n1a25yq-wpengine.netdna-ssl.com/v22/wp-content/uploads/sites/26/2015/11/wedding_08.jpg]
[21g6p436jemo16mo9n1a25yq-wpengine.netdna-ssl.com/v22/wp-content/uploads/sites/26/2015/11/wedding_09.jpg]
[21g6p436jemo16mo9n1a25yq-wpengine.netdna-ssl.com/v22/wp-content/uploads/sites/26/2015/11/wedding_12.jpg]
[21g6p436jemo16mo9n1a25yq-wpengine.netdna-ssl.com/v22/wp-content/uploads/sites/26/2015/11/wedding_10.jpg]
[21g6p436jemo16mo9n1a25yq-wpengine.netdna-ssl.com/v22/wp-content/uploads/sites/26/2015/11/wedding_11.jpg]
[21g6p436jemo16mo9n1a25yq-wpengine.netdna-ssl.com/v22/wp-content/uploads/sites/26/2015/11/wedding_14.jpg]
[21g6p436jemo16mo9n1a25yq-wpengine.netdna-ssl.com/v22/wp-content/uploads/sites/26/2015/11/wedding_00.jpg]
[21g6p436jemo16mo9n1a25yq-wpengine.netdna-ssl.com/v22/wp-content/uploads/sites/26/2015/11/wedding_01.jpg]
[21g6p436jemo16mo9n1a25yq-wpengine.netdna-ssl.com/v22/wp-content/uploads/sites/26/2015/11/wedding_02-1.jpg]
[21g6p436jemo16mo9n1a25yq-wpengine.netdna-ssl.com/v22/wp-content/uploads/sites/26/2015/11/wedding_03.jpg]
[21g6p436jemo16mo9n1a25yq-wpengine.netdna-ssl.com/v22/wp-content/uploads/sites/26/2015/11/wedding_04.jpg]
[21g6p436jemo16mo9n1a25yq-wpengine.netdna-ssl.com/v22/wp-content/uploads/sites/26/2015/11/wedding_05.jpg]
[21g6p436jemo16mo9n1a25yq-wpengine.netdna-ssl.com/v22/wp-content/uploads/sites/26/2015/11/wedding_06.jpg]
[21g6p436jemo16mo9n1a25yq-wpengine.netdna-ssl.com/v22/wp-content/uploads/sites/26/2015/11/wedding_07.jpg]
[21g6p436jemo16mo9n1a25yq-wpengine.netdna-ssl.com/v22/wp-content/uploads/sites/26/2015/11/wedding_13.jpg]
[21g6p436jemo16mo9n1a25yq-wpengine.netdna-ssl.com/v22/wp-content/uploads/sites/26/2015/11/wedding_15.jpg]
[oshinewptheme.com/v22/portfolio/wedding/index.html]
[oshinewptheme.com/v22/wp-json/oembed/1.0/embed2e86.json]
[oshinewptheme.com/v22/wp-json/oembed/1.0/embed0cb1]
[21g6p436jemo16mo9n1a25yq-wpengine.netdna-ssl.com/v22/wp-content/uploads/sites/26/2015/11/un-wildlife-00.jpg]
[21g6p436jemo16mo9n1a25yq-wpengine.netdna-ssl.com/v22/wp-content/uploads/sites/26/2015/11/un-wildlife-00-650x406.jpg]
[21g6p436jemo16mo9n1a25yq-wpengine.netdna-ssl.com/v22/wp-content/uploads/sites/26/2015/11/un-wildlife-01.jpg]
[21g6p436jemo16mo9n1a25yq-wpengine.netdna-ssl.com/v22/wp-content/uploads/sites/26/2015/11/un-wildlife-01-650x406.jpg]
[21g6p436jemo16mo9n1a25yq-wpengine.netdna-ssl.com/v22/wp-content/uploads/sites/26/2015/11/un-wildlife-03.jpg]
[21g6p436jemo16mo9n1a25yq-wpengine.netdna-ssl.com/v22/wp-content/uploads/sites/26/2015/11/un-wildlife-03-650x406.jpg]
[21g6p436jemo16mo9n1a25yq-wpengine.netdna-ssl.com/v22/wp-content/uploads/sites/26/2015/11/un-wildlife-04.jpg]
[21g6p436jemo16mo9n1a25yq-wpengine.netdna-ssl.com/v22/wp-content/uploads/sites/26/2015/11/un-wildlife-04-650x406.jpg]
[21g6p436jemo16mo9n1a25yq-wpengine.netdna-ssl.com/v22/wp-content/uploads/sites/26/2015/11/un-wildlife-05.jpg]
[21g6p436jemo16mo9n1a25yq-wpengine.netdna-ssl.com/v22/wp-content/uploads/sites/26/2015/11/un-wildlife-05-650x406.jpg]
[21g6p436jemo16mo9n1a25yq-wpengine.netdna-ssl.com/v22/wp-content/uploads/sites/26/2015/11/un-wildlife-06.jpg]
[21g6p436jemo16mo9n1a25yq-wpengine.netdna-ssl.com/v22/wp-content/uploads/sites/26/2015/11/un-wildlife-06-650x406.jpg]
[21g6p436jemo16mo9n1a25yq-wpengine.netdna-ssl.com/v22/wp-content/uploads/sites/26/2015/11/un-wildlife-07.jpg]
[21g6p436jemo16mo9n1a25yq-wpengine.netdna-ssl.com/v22/wp-content/uploads/sites/26/2015/11/un-wildlife-07-650x406.jpg]
[21g6p436jemo16mo9n1a25yq-wpengine.netdna-ssl.com/v22/wp-content/uploads/sites/26/2015/11/un-wildlife-08.jpg]
[21g6p436jemo16mo9n1a25yq-wpengine.netdna-ssl.com/v22/wp-content/uploads/sites/26/2015/11/un-wildlife-08-650x406.jpg]
[21g6p436jemo16mo9n1a25yq-wpengine.netdna-ssl.com/v22/wp-content/uploads/sites/26/2015/11/un-wildlife-09.jpg]
[21g6p436jemo16mo9n1a25yq-wpengine.netdna-ssl.com/v22/wp-content/uploads/sites/26/2015/11/un-wildlife-09-650x406.jpg]
[oshinewptheme.com/v22/portfolio/wildlife/index.html]
[oshinewptheme.com/v22/wp-json/oembed/1.0/embedaa8c.json]
[oshinewptheme.com/v22/wp-json/oembed/1.0/embed8626]
[21g6p436jemo16mo9n1a25yq-wpengine.netdna-ssl.com/v22/wp-content/uploads/sites/26/2015/11/oshine-maternity-05-1-33x50.jpg]
[21g6p436jemo16mo9n1a25yq-wpengine.netdna-ssl.com/v22/wp-content/uploads/sites/26/2015/11/oshine-maternity-06-75x50.jpg]
[21g6p436jemo16mo9n1a25yq-wpengine.netdna-ssl.com/v22/wp-content/uploads/sites/26/2015/11/oshine-maternity-01-50x50.jpg]
[21g6p436jemo16mo9n1a25yq-wpengine.netdna-ssl.com/v22/wp-content/uploads/sites/26/2015/11/oshine-maternity-00-75x50.jpg]
[21g6p436jemo16mo9n1a25yq-wpengine.netdna-ssl.com/v22/wp-content/uploads/sites/26/2015/11/oshine-maternity-02-75x50.jpg]
[21g6p436jemo16mo9n1a25yq-wpengine.netdna-ssl.com/v22/wp-content/uploads/sites/26/2015/11/oshine-maternity-03-75x50.jpg]
[21g6p436jemo16mo9n1a25yq-wpengine.netdna-ssl.com/v22/wp-content/uploads/sites/26/2015/11/oshine-maternity-04-75x50.jpg]
[oshinewptheme.com/v22/portfolio/maternity/index.html]
[oshinewptheme.com/v22/wp-json/oembed/1.0/embed8d9b.json]
[oshinewptheme.com/v22/wp-json/oembed/1.0/embed073a]
[oshinewptheme.com/v22/contact/index.html]
[21g6p436jemo16mo9n1a25yq-wpengine.netdna-ssl.com/v22/wp-content/plugins/oshine-modules/public/css/owl.video.play.html]
[21g6p436jemo16mo9n1a25yq-wpengine.netdna-ssl.com/v22/wp-content/plugins/oshine-modules/public/css/preloader.html]
[oshinewptheme.com/v22/wp-content/plugins/revslider/public/assets/css/openhand.html]
[oshinewptheme.com/v22/wp-content/plugins/revslider/public/assets/css/closedhand.html]
[oshinewptheme.com/cdn-cgi/scripts/5c5dd728/cloudflare-static/email-decode.min.js]
[21g6p436jemo16mo9n1a25yq-wpengine.netdna-ssl.com/v22/wp-content/themes/oshin/fonts/icomoon/fonts/icomoon7e7b.svg]
[21g6p436jemo16mo9n1a25yq-wpengine.netdna-ssl.com/v22/wp-content/plugins/tatsu/includes/icons/font_awesome/fonts/fontawesome-webfont3e6e.svg]
[21g6p436jemo16mo9n1a25yq-wpengine.netdna-ssl.com/v22/wp-content/plugins/tatsu/includes/icons/tatsu_icons/fonts/tatsu-icons7ab3.svg]
[21g6p436jemo16mo9n1a25yq-wpengine.netdna-ssl.com/v22/wp-content/themes/oshin/css/img/dots.html]
[oshinewptheme.com/v22/wp-content/themes/oshin/fonts/custom-fonts/hanskendrick-heavy-webfont.html]
[21g6p436jemo16mo9n1a25yq-wpengine.netdna-ssl.com/v22/wp-content/themes/oshin/fonts/custom-fonts/hanskendrick-heavy-webfont.svg]
[oshinewptheme.com/v22/wp-content/themes/oshin/fonts/custom-fonts/hanskendrick-light-webfont.html]
[21g6p436jemo16mo9n1a25yq-wpengine.netdna-ssl.com/v22/wp-content/themes/oshin/fonts/custom-fonts/hanskendrick-light-webfont.svg]
[oshinewptheme.com/v22/wp-content/themes/oshin/fonts/custom-fonts/hanskendrick-medium-webfont.html]
[21g6p436jemo16mo9n1a25yq-wpengine.netdna-ssl.com/v22/wp-content/themes/oshin/fonts/custom-fonts/hanskendrick-heavy-webfont.woff]
[21g6p436jemo16mo9n1a25yq-wpengine.netdna-ssl.com/v22/wp-content/themes/oshin/fonts/custom-fonts/hanskendrick-medium-webfont.svg]
[oshinewptheme.com/v22/wp-content/themes/oshin/fonts/custom-fonts/hanskendrick-regular-webfont.html]
[21g6p436jemo16mo9n1a25yq-wpengine.netdna-ssl.com/v22/wp-content/themes/oshin/fonts/custom-fonts/hanskendrick-regular-webfont.svg]
[21g6p436jemo16mo9n1a25yq-wpengine.netdna-ssl.com/v22/wp-content/plugins/masterslider/public/assets/css/skins/minimal.svg]
[oshinewptheme.com/v22/index4579.html]
[oshinewptheme.com/v22/index3965.html]
[oshinewptheme.com/v22/wp-admin/admin-ajax.html]
[oshinewptheme.com/v22/index0735.html]
[21g6p436jemo16mo9n1a25yq-wpengine.netdna-ssl.com/v22/wp-content/themes/oshin/fonts/icomoon/fonts/icomoond41d.eot]
[oshinewptheme.com/v22/index5831.html]
[oshinewptheme.com/v22/indexcbb6.html]
[oshinewptheme.com/v22/index341b.html]
[oshinewptheme.com/v22/index4170.html]
[oshinewptheme.com/v22/index2cce.html]
[oshinewptheme.com/v22/index2dc8.html]
[21g6p436jemo16mo9n1a25yq-wpengine.netdna-ssl.com/v22/wp-content/plugins/masterslider/public/assets/css/skins/contrast-skin.png]
[21g6p436jemo16mo9n1a25yq-wpengine.netdna-ssl.com/v22/wp-content/uploads/sites/26/2015/11/dts-wild-008-75x50.jpg]
[21g6p436jemo16mo9n1a25yq-wpengine.netdna-ssl.com/v22/wp-content/uploads/sites/26/2015/11/dts-wild-007-75x50.jpg]
[oshinewptheme.com/v22/wp-content/uploads/sites/26/revslider/v22/dts-wild-007.jpg]
[oshinewptheme.com/v22/wp-content/uploads/sites/26/revslider/v22/oshine-v22-0011.jpg]
[oshinewptheme.com/v22/wp-content/uploads/sites/26/revslider/v22/dts-wild-005.jpg]
[21g6p436jemo16mo9n1a25yq-wpengine.netdna-ssl.com/v22/wp-content/uploads/sites/26/2015/11/oshine-city-00.jpg]
